// Jest Snapshot v1, https://goo.gl/fbAQLP

exports[`Skills component renders Skills 1`] = `
<div>
  <p>
    <b>
      Tech Stack
    </b>
    <br />
    MongoDb
    <br />
    Node.js
    <br />
    Express
    <br />
    PostgreSQL/SQL
    <br />
    Q-Unit
    <br />
    Jest/Travis
  </p>
</div>
`;
