// Jest Snapshot v1, https://goo.gl/fbAQLP

exports[`Header component renders Header 1`] = `
<header
  className="header"
>
  <h1>
    Nikki sato
  </h1>
</header>
`;
